C:/Users/Luczia/STM32CubeIDE/workspace_1.9.0/NUC401-SPI-Encoder/Drivers/STM32F4xx_HAL_Driver/Src/stm32f4xx_hal_rcc_ex.c:2515:19:HAL_RCCEx_PeriphCLKConfig	24	static
C:/Users/Luczia/STM32CubeIDE/workspace_1.9.0/NUC401-SPI-Encoder/Drivers/STM32F4xx_HAL_Driver/Src/stm32f4xx_hal_rcc_ex.c:2643:6:HAL_RCCEx_GetPeriphCLKConfig	0	static
C:/Users/Luczia/STM32CubeIDE/workspace_1.9.0/NUC401-SPI-Encoder/Drivers/STM32F4xx_HAL_Driver/Src/stm32f4xx_hal_rcc_ex.c:2681:10:HAL_RCCEx_GetPeriphCLKFreq	0	static
C:/Users/Luczia/STM32CubeIDE/workspace_1.9.0/NUC401-SPI-Encoder/Drivers/STM32F4xx_HAL_Driver/Src/stm32f4xx_hal_rcc_ex.c:2805:19:HAL_RCCEx_EnablePLLI2S	16	static
C:/Users/Luczia/STM32CubeIDE/workspace_1.9.0/NUC401-SPI-Encoder/Drivers/STM32F4xx_HAL_Driver/Src/stm32f4xx_hal_rcc_ex.c:2888:19:HAL_RCCEx_DisablePLLI2S	8	static
C:/Users/Luczia/STM32CubeIDE/workspace_1.9.0/NUC401-SPI-Encoder/Drivers/STM32F4xx_HAL_Driver/Src/stm32f4xx_hal_rcc_ex.c:3145:19:HAL_RCC_DeInit	16	static
