C:/Users/Luczia/STM32CubeIDE/workspace_1.9.0/NUC401-SPI-Encoder/Drivers/STM32F4xx_HAL_Driver/Src/stm32f4xx_hal_dma.c:1150:13:DMA_SetConfig	8	static
C:/Users/Luczia/STM32CubeIDE/workspace_1.9.0/NUC401-SPI-Encoder/Drivers/STM32F4xx_HAL_Driver/Src/stm32f4xx_hal_dma.c:1184:17:DMA_CalcBaseAndBitshift	4	static
C:/Users/Luczia/STM32CubeIDE/workspace_1.9.0/NUC401-SPI-Encoder/Drivers/STM32F4xx_HAL_Driver/Src/stm32f4xx_hal_dma.c:1212:26:DMA_CheckFifoParam	0	static
C:/Users/Luczia/STM32CubeIDE/workspace_1.9.0/NUC401-SPI-Encoder/Drivers/STM32F4xx_HAL_Driver/Src/stm32f4xx_hal_dma.c:171:19:HAL_DMA_Init	16	static
C:/Users/Luczia/STM32CubeIDE/workspace_1.9.0/NUC401-SPI-Encoder/Drivers/STM32F4xx_HAL_Driver/Src/stm32f4xx_hal_dma.c:310:19:HAL_DMA_DeInit	16	static
C:/Users/Luczia/STM32CubeIDE/workspace_1.9.0/NUC401-SPI-Encoder/Drivers/STM32F4xx_HAL_Driver/Src/stm32f4xx_hal_dma.c:408:19:HAL_DMA_Start	16	static
C:/Users/Luczia/STM32CubeIDE/workspace_1.9.0/NUC401-SPI-Encoder/Drivers/STM32F4xx_HAL_Driver/Src/stm32f4xx_hal_dma.c:452:19:HAL_DMA_Start_IT	16	static
C:/Users/Luczia/STM32CubeIDE/workspace_1.9.0/NUC401-SPI-Encoder/Drivers/STM32F4xx_HAL_Driver/Src/stm32f4xx_hal_dma.c:514:19:HAL_DMA_Abort	16	static
C:/Users/Luczia/STM32CubeIDE/workspace_1.9.0/NUC401-SPI-Encoder/Drivers/STM32F4xx_HAL_Driver/Src/stm32f4xx_hal_dma.c:581:19:HAL_DMA_Abort_IT	0	static
C:/Users/Luczia/STM32CubeIDE/workspace_1.9.0/NUC401-SPI-Encoder/Drivers/STM32F4xx_HAL_Driver/Src/stm32f4xx_hal_dma.c:611:19:HAL_DMA_PollForTransfer	32	static
C:/Users/Luczia/STM32CubeIDE/workspace_1.9.0/NUC401-SPI-Encoder/Drivers/STM32F4xx_HAL_Driver/Src/stm32f4xx_hal_dma.c:747:6:HAL_DMA_IRQHandler	32	static
C:/Users/Luczia/STM32CubeIDE/workspace_1.9.0/NUC401-SPI-Encoder/Drivers/STM32F4xx_HAL_Driver/Src/stm32f4xx_hal_dma.c:968:19:HAL_DMA_RegisterCallback	0	static
C:/Users/Luczia/STM32CubeIDE/workspace_1.9.0/NUC401-SPI-Encoder/Drivers/STM32F4xx_HAL_Driver/Src/stm32f4xx_hal_dma.c:1028:19:HAL_DMA_UnRegisterCallback	0	static
C:/Users/Luczia/STM32CubeIDE/workspace_1.9.0/NUC401-SPI-Encoder/Drivers/STM32F4xx_HAL_Driver/Src/stm32f4xx_hal_dma.c:1113:22:HAL_DMA_GetState	0	static
C:/Users/Luczia/STM32CubeIDE/workspace_1.9.0/NUC401-SPI-Encoder/Drivers/STM32F4xx_HAL_Driver/Src/stm32f4xx_hal_dma.c:1124:10:HAL_DMA_GetError	0	static
