C:/Users/Luczia/STM32CubeIDE/workspace_1.9.0/NUC401-SPI-Encoder/Core/Src/application.cpp:111:6:void ChangeCS(bool)	8	static
C:/Users/Luczia/STM32CubeIDE/workspace_1.9.0/NUC401-SPI-Encoder/Core/Src/application.cpp:120:6:void TransferIcMU(unsigned char*, unsigned char*, unsigned int)	16	static
C:/Users/Luczia/STM32CubeIDE/workspace_1.9.0/NUC401-SPI-Encoder/Core/Src/application.cpp:125:1:void __static_initialization_and_destruction_0(int, int)	8	static
C:/Users/Luczia/STM32CubeIDE/workspace_1.9.0/NUC401-SPI-Encoder/Core/Src/application.cpp:64:6:void HAL_SPI_TxRxCpltCallback(SPI_HandleTypeDef*)	8	static
C:/Users/Luczia/STM32CubeIDE/workspace_1.9.0/NUC401-SPI-Encoder/Core/Src/application.cpp:72:6:void encoder_init_ichaus(uint8_t*)	24	static
C:/Users/Luczia/STM32CubeIDE/workspace_1.9.0/NUC401-SPI-Encoder/Core/Src/application.cpp:91:9:uint8_t read_pos_ichaus(uint16_t*)	16	static
C:/Users/Luczia/STM32CubeIDE/workspace_1.9.0/NUC401-SPI-Encoder/Core/Src/application.cpp:103:6:void trig_non_blocking_ichaus_pos_read()	8	static
C:/Users/Luczia/STM32CubeIDE/workspace_1.9.0/NUC401-SPI-Encoder/Core/Src/application.cpp:32:6:void application_main(SPI_HandleTypeDef*)	8	static
C:/Users/Luczia/STM32CubeIDE/workspace_1.9.0/NUC401-SPI-Encoder/Core/Src/application.cpp:125:1:cpp)	8	static
