IcHausMu.cpp:7:1:IcHausMu::IcHausMu(unsigned char)	24	static
IcHausMu.cpp:27:6:void IcHausMu::csFunctionAttach(void (*)(bool))	0	static
IcHausMu.cpp:31:6:void IcHausMu::streamFunctionAttach(void (*)(unsigned char*, unsigned char*, unsigned int))	0	static
IcHausMu.cpp:35:15:unsigned char IcHausMu::getIcMuAddress(icMuRegister_t)	0	static
IcHausMu.cpp:39:15:unsigned char IcHausMu::getIcMuMask(icMuRegister_t)	0	static
IcHausMu.cpp:43:15:unsigned char IcHausMu::icMuRegSize(icMuRegister_t)	0	static
IcHausMu.cpp:52:15:unsigned char IcHausMu::getLastByteValue()	0	static
IcHausMu.cpp:56:10:uint16_u IcHausMu::getLastUint_16Value()	0	static
IcHausMu.cpp:63:10:uint32_u IcHausMu::getLastUint_32Value()	0	static
IcHausMu.cpp:187:6:void IcHausMu::uninit()	0	static
IcHausMu.cpp:287:11:fctStatus IcHausMu::_readRegStatus()	16	static
IcHausMu.cpp:206:11:fctStatus IcHausMu::readRegStatus()	16	static
IcHausMu.cpp:310:11:fctStatus IcHausMu::_readRegister(unsigned char, unsigned int, unsigned char*)	32	static
IcHausMu.cpp:84:11:fctStatus IcHausMu::readIcMuRegister_leu(icMuRegister_t, uint64_leu*)	24	static
IcHausMu.cpp:72:11:fctStatus IcHausMu::readIcMuRegister(icMuRegister_t)	8	static
IcHausMu.cpp:164:11:fctStatus IcHausMu::init()	8	static
IcHausMu.cpp:154:11:fctStatus IcHausMu::readArray(unsigned char, unsigned int, unsigned char*)	8	static
IcHausMu.cpp:352:11:fctStatus IcHausMu::_writeRegister(unsigned char, unsigned int, unsigned char*)	32	static
IcHausMu.cpp:116:11:fctStatus IcHausMu::writeIcMuRegister_leu(icMuRegister_t, uint64_leu*)	32	static
IcHausMu.cpp:108:11:fctStatus IcHausMu::writeIcMuRegister(icMuRegister_t, unsigned char)	8	static
IcHausMu.cpp:191:11:fctStatus IcHausMu::setAutomaticGain(unsigned char)	8	static
IcHausMu.cpp:243:11:fctStatus IcHausMu::switchRegisterBank(unsigned char)	8	static
IcHausMu.cpp:255:11:fctStatus IcHausMu::changeSdadMode(unsigned char, unsigned char, unsigned char)	16	static
IcHausMu.cpp:158:11:fctStatus IcHausMu::writeArray(unsigned char, unsigned int, unsigned char*)	8	static
IcHausMu.cpp:391:11:fctStatus IcHausMu::_readSdad(unsigned int, unsigned char*)	24	static
IcHausMu.cpp:236:11:fctStatus IcHausMu::readPos(uint16_u*)	16	static
IcHausMu.cpp:421:11:fctStatus IcHausMu::_readSdadStatus(unsigned int, unsigned char*)	24	static
IcHausMu.cpp:225:11:fctStatus IcHausMu::readSdadStatus()	16	static
