main.cpp:448:6:void ChangeCS(bool)	8	static
main.cpp:361:13:void MX_GPIO_Init()	64	static
main.cpp:340:13:void MX_DMA_Init()	16	static
main.cpp:271:13:void MX_SPI2_Init()	8	static
main.cpp:309:13:void MX_USART2_UART_Init()	8	static
main.cpp:458:6:void TransferIcMU(unsigned char*, unsigned char*, unsigned int)	16	static
main.cpp:479:1:void __static_initialization_and_destruction_0(int, int)	8	static
main.cpp:95:3:int __io_putchar(int)	16	static
main.cpp:226:6:void SystemClock_Config()	96	static
main.cpp:401:6:void HAL_SPI_TxRxCpltCallback(SPI_HandleTypeDef*)	8	static
main.cpp:409:6:void encoder_init_ichaus(uint8_t*)	16	static
main.cpp:427:9:uint8_t read_pos_ichaus(uint16_t*)	16	static
main.cpp:437:6:void trig_non_blocking_ichaus_pos_read()	8	static
main.cpp:113:5:int main()	8	static
main.cpp:473:6:void Error_Handler()	0	static
main.cpp:479:1:cpp)	8	static
