C:/Users/Luczia/STM32CubeIDE/workspace_1.9.0/NUC401-SPI-Encoder/Core/Src/main.c:280:13:MX_GPIO_Init	64	static
C:/Users/Luczia/STM32CubeIDE/workspace_1.9.0/NUC401-SPI-Encoder/Core/Src/main.c:259:13:MX_DMA_Init	16	static
C:/Users/Luczia/STM32CubeIDE/workspace_1.9.0/NUC401-SPI-Encoder/Core/Src/main.c:228:13:MX_USART2_UART_Init	8	static
C:/Users/Luczia/STM32CubeIDE/workspace_1.9.0/NUC401-SPI-Encoder/Core/Src/main.c:190:13:MX_SPI3_Init	8	static
C:/Users/Luczia/STM32CubeIDE/workspace_1.9.0/NUC401-SPI-Encoder/Core/Src/main.c:81:3:__io_putchar	16	static
C:/Users/Luczia/STM32CubeIDE/workspace_1.9.0/NUC401-SPI-Encoder/Core/Src/main.c:145:6:SystemClock_Config	96	static
C:/Users/Luczia/STM32CubeIDE/workspace_1.9.0/NUC401-SPI-Encoder/Core/Src/main.c:99:5:main	8	static
C:/Users/Luczia/STM32CubeIDE/workspace_1.9.0/NUC401-SPI-Encoder/Core/Src/main.c:337:6:Error_Handler	0	static
