C:/Users/Luczia/STM32CubeIDE/workspace_1.9.0/NUC401-SPI-Encoder/Core/Src/stm32f4xx_hal_msp.c:67:6:HAL_MspInit	8	static
C:/Users/Luczia/STM32CubeIDE/workspace_1.9.0/NUC401-SPI-Encoder/Core/Src/stm32f4xx_hal_msp.c:89:6:HAL_SPI_MspInit	48	static
C:/Users/Luczia/STM32CubeIDE/workspace_1.9.0/NUC401-SPI-Encoder/Core/Src/stm32f4xx_hal_msp.c:166:6:HAL_SPI_MspDeInit	8	static
C:/Users/Luczia/STM32CubeIDE/workspace_1.9.0/NUC401-SPI-Encoder/Core/Src/stm32f4xx_hal_msp.c:202:6:HAL_UART_MspInit	40	static
C:/Users/Luczia/STM32CubeIDE/workspace_1.9.0/NUC401-SPI-Encoder/Core/Src/stm32f4xx_hal_msp.c:238:6:HAL_UART_MspDeInit	8	static
